// Jest Snapshot v1, https://goo.gl/fbAQLP

exports[`Snapshot  1`] = `
<DocumentFragment>
  <div
    class="Work"
  >
    <div
      class="Work-Intro"
    >
      <p
        class="Title"
      >
        Work History
      </p>
      <p
        class="Work-Job"
      >
        Software Engineering Coding Bootcamp, Remote
      </p>
      <p
        class="Work-Date"
      >
        01/2022 -01/2023
      </p>
      <p
        class="Work-Position"
      >
        Software Engineer
      </p>
      <ul
        class="Work-Detail"
      >
        <li>
          700+ hour hands-on intensive course in Software Engineering methodologies and 1:1 industry expert mentor oversight
        </li>
        <li>
          Built and designed APIs to feed data demanded by web server.
        </li>
        <li>
          Created web scrappers that store data into PostgreSQL database.
        </li>
        <li>
          Practiced analytical approached to problem-solving and trouble shooting.
        </li>
      </ul>
      <p
        class="Work-Job"
      >
        Personal Website “Marcellous.tech”, Remote
      </p>
      <p
        class="Work-Date"
      >
        02/2023
      </p>
      <p
        class="Work-Position"
      >
        Front-end developer
      </p>
      <ul
        class="Work-Detail"
      >
        <li>
           Programmed website in JavaScript using the React library.
        </li>
        <li>
          Secured website’s SSL using Cloudflare.
        </li>
        <li>
          Designed website with all custom CSS classes.
        </li>
        <li>
          Created web scrappers that store data into PostgreSQL database.
        </li>
        <li>
          Self-motivated to create a brand that represents my love for computers and eye for design.
        </li>
      </ul>
      <p
        class="Work-Job"
      >
        Lift Energy Solar, Fresno, CA
      </p>
      <p
        class="Work-Date"
      >
        03/2021-08/2021
      </p>
      <p
        class="Work-Position"
      >
         Solar Sales Associate
      </p>
      <ul
        class="Work-Detail"
      >
        <li>
           Sold 6 solar systems over the course of 3 months totaling over 40kW.
        </li>
        <li>
          Knocked on an average of 100 doors per day for 1 month.
        </li>
        <li>
          Streamlined sales process by performing both roles of initial contact associate and sales representative after 1 month.
        </li>
      </ul>
    </div>
  </div>
</DocumentFragment>
`;
